max depth: 8 {"parentGde":"6108920033412999719","childGde":"1995403118474998111"}
<2026-04-17 06:19:25.106>: [Info]: [WARNING] Context: UpdateChildActorIdsForGDE exceeded max depth: 8 {"parentGde":"6108920033412999719","childGde":"10151430839691949215"}
<2026-04-17 06:19:25.191>: [Info]: [WARNING] Context: UpdateChildActorIdsForGDE exceeded max depth: 8 {"parentGde":"3641491151144765335","childGde":"16857329018379357247"}
<2026-04-17 06:19:25.191>: [Info]: [WARNING] Context: UpdateChildActorIdsForGDE exceeded max depth: 8 {"parentGde":"3641491151144765335","childGde":"14247452502619895207"}
<2026-04-17 06:19:25.191>: [Info]: [WARNING] Context: UpdateChildActorIdsForGDE exceeded max depth: 8 {"parentGde":"3641491151144765335","childGde":"2008911169404319399"}
<2026-04-17 06:19:25.191>: [Info]: [WARNING] Context: UpdateChildActorIdsForGDE exceeded max depth: 8 {"parentGde":"3641491151144765335","childGde":"1993157916551066223"}
<2026-04-17 06:19:25.191>: [Info]: [WARNING] Context: UpdateChildActorIdsForGDE exceeded max depth: 8 {"parentGde":"3641491151144765335","childGde":"17461182486208761647"}
<2026-04-17 06:19:25.191>: [Info]: [WARNING] Context: UpdateChildActorIdsForGDE exceeded max depth: 8 {"parentGde":"3641491151144765335","childGde":"15749505443296358991"}
<2026-04-17 06:19:25.191>: [Info]: [WARNING] Context: UpdateChildActorIdsForGDE exceeded max depth: 8 {"parentGde":"3641491151144765335","childGde":"7136038023611016495"}
<2026-04-17 06:19:25.823>: [Info]: [WARNING] Context: UpdateChildActorIdsForGDE exceeded max depth: 8 {"parentGde":"7435327951621470599","childGde":"8740522481063827999"}
<2026-04-17 06:19:25.823>: [Info]: [WARNING] Context: UpdateChildActorIdsForGDE exceeded max depth: 8 {"parentGde":"7435327951621470599","childGde":"10276828366006584463"}
<2026-04-17 06:19:25.823>: [Info]: [WARNING] Context: UpdateChildActorIdsForGDE exceeded max depth: 8 {"parentGde":"7435327951621470599","childGde":"10546980962765302167"}
<2026-04-17 06:19:25.823>: [Info]: [WARNING] Context: UpdateChildActorIdsForGDE exceeded max depth: 8 {"parentGde":"7435327951621470599","childGde":"773991401560796527"}
<2026-04-17 06:19:25.823>: [Info]: [WARNING] Context: UpdateChildActorIdsForGDE exceeded max depth: 8 {"parentGde":"7435327951621470599","childGde":"5334072859183375751"}
<2026-04-17 06:19:25.823>: [Info]: [WARNING] Context: UpdateChildActorIdsForGDE exceeded max depth: 8 {"parentGde":"7435327951621470599","childGde":"14188401127341118335"}
<2026-04-17 06:19:25.823>: [Info]: [WARNING] Context: UpdateChildActorIdsForGDE exceeded max depth: 8 {"parentGde":"7435327951621470599","childGde":"12771553942833241455"}
<2026-04-17 06:19:25.823>: [Info]: [WARNING] Context: UpdateChildActorIdsForGDE exceeded max depth: 8 {"parentGde":"7435327951621470599","childGde":"17165126972392029735"}
<2026-04-17 06:19:25.823>: [Info]: [WARNING] Context: UpdateChildActorIdsForGDE exceeded max depth: 8 {"parentGde":"7435327951621470599","childGde":"8919938562745112407"}
<2026-04-17 06:19:25.823>: [Info]: [WARNING] Context: UpdateChildActorIdsForGDE exceeded max depth: 8 {"parentGde":"7435327951621470599","childGde":"4780149843920550495"}
<2026-04-17 06:19:25.823>: [Info]: [WARNING] Context: UpdateChildActorIdsForGDE exceeded max depth: 8 {"parentGde":"7435327951621470599","childGde":"10078296057101686599"}
<2026-04-17 06:19:25.823>: [Info]: [WARNING] Context: UpdateChildActorIdsForGDE exceeded max depth: 8 {"parentGde":"7435327951621470599","childGde":"18059456129850761063"}
<2026-04-17 06:19:25.823>: [Info]: [WARNING] Context: UpdateChildActorIdsForGDE exceeded max depth: 8 {"parentGde":"7435327951621470599","childGde":"10525685930116440631"}
<2026-04-17 06:19:25.823>: [Info]: [WARNING] Context: UpdateChildActorIdsForGDE exceeded max depth: 8 {"parentGde":"7435327951621470599","childGde":"4595032492509820279"}
<2026-04-17 06:19:25.823>: [Info]: [WARNING] Context: UpdateChildActorIdsForGDE exceeded max depth: 8 {"parentGde":"7435327951621470599","childGde":"438108299590791215"}
<2026-04-17 06:19:25.823>: [Info]: [WARNING] Context: UpdateChildActorIdsForGDE exceeded max depth: 8 {"parentGde":"7435327951621470599","childGde":"4363622078773828207"}
<2026-04-17 06:19:25.823>: [Info]: [WARNING] Context: UpdateChildActorIdsForGDE exceeded max depth: 8 {"parentGde":"7435327951621470599","childGde":"9431548767101613607"}
<2026-04-17 06:19:25.823>: [Info]: [WARNING] Context: UpdateChildActorIdsForGDE exceeded max depth: 8 {"parentGde":"7435327951621470599","childGde":"17237499620692159303"}
<2026-04-17 06:19:25.823>: [Info]: [WARNING] Context: UpdateChildActorIdsForGDE exceeded max depth: 8 {"parentGde":"7435327951621470599","childGde":"1720049394140879895"}
<2026-04-17 06:19:25.823>: [Info]: [WARNING] Context: UpdateChildActorIdsForGDE exceeded max depth: 8 {"parentGde":"7435327951621470599","childGde":"2463775503607386863"}
<2026-04-17 06:19:25.823>: [Info]: [WARNING] Context: UpdateChildActorIdsForGDE exceeded max depth: 8 {"parentGde":"7435327951621470599","childGde":"18062853238747167383"}
<2026-04-17 06:19:25.823>: [Info]: [WARNING] Context: UpdateChildActorIdsForGDE exceeded max depth: 8 {"parentGde":"7435327951621470599","childGde":"11262999994482853943"}
<2026-04-17 06:19:25.823>: [Info]: [WARNING] Context: UpdateChildActorIdsForGDE exceeded max depth: 8 {"parentGde":"7435327951621470599","childGde":"2028310104302512447"}
<2026-04-17 06:19:25.823>: [Info]: [WARNING] Context: UpdateChildActorIdsForGDE exceeded max depth: 8 {"parentGde":"7435327951621470599","childGde":"10046634248448687383"}
<2026-04-17 06:19:25.823>: [Info]: [WARNING] Context: UpdateChildActorIdsForGDE exceeded max depth: 8 {"parentGde":"9423057934916594691","childGde":"9996698168691978159"}
<2026-04-17 06:19:25.823>: [Info]: [WARNING] Context: UpdateChildActorIdsForGDE exceeded max depth: 8 {"parentGde":"9423057934916594691","childGde":"1930258981771513495"}
<2026-04-17 06:19:25.823>: [Info]: [WARNING] Context: UpdateChildActorIdsForGDE exceeded max depth: 8 {"parentGde":"9423057934916594691","childGde":"2773705181839572239"}
<2026-04-17 06:19:25.823>: [Info]: [WARNING] Context: UpdateChildActorIdsForGDE exceeded max depth: 8 {"parentGde":"9423057934916594691","childGde":"17080224364389514383"}
<2026-04-17 06:19:25.823>: [Info]: [WARNING] Context: UpdateChildActorIdsForGDE exceeded max depth: 8 {"parentGde":"7435327951621470599","childGde":"8740522481063827999"}
<2026-04-17 06:19:25.823>: [Info]: [WARNING] Context: UpdateChildActorIdsForGDE exceeded max depth: 8 {"parentGde":"7435327951621470599","childGde":"10276828366006584463"}
<2026-04-17 06:19:25.823>: [Info]: [WARNING] Context: UpdateChildActorIdsForGDE exceeded max depth: 8 {"parentGde":"7435327951621470599","childGde":"10546980962765302167"}
<2026-04-17 06:19:25.823>: [Info]: [WARNING] Context: UpdateChildActorIdsForGDE exceeded max depth: 8 {"parentGde":"7435327951621470599","childGde":"773991401560796527"}
<2026-04-17 06:19:25.823>: [Info]: [WARNING] Context: UpdateChildActorIdsForGDE exceeded max depth: 8 {"parentGde":"7435327951621470599","childGde":"5334072859183375751"}
<2026-04-17 06:19:25.823>: [Info]: [WARNING] Context: UpdateChildActorIdsForGDE exceeded max depth: 8 {"parentGde":"7435327951621470599","childGde":"14188401127341118335"}
<2026-04-17 06:19:25.823>: [Info]: [WARNING] Context: UpdateChildActorIdsForGDE exceeded max depth: 8 {"parentGde":"7435327951621470599","childGde":"12771553942833241455"}
<2026-04-17 06:19:25.823>: [Info]: [WARNING] Context: UpdateChildActorIdsForGDE exceeded max depth: 8 {"parentGde":"7435327951621470599","childGde":"17165126972392029735"}
<2026-04-17 06:19:25.823>: [Info]: [WARNING] Context: UpdateChildActorIdsForGDE exceeded max depth: 8 {"parentGde":"7435327951621470599","childGde":"8919938562745112407"}
<2026-04-17 06:19:25.823>: [Info]: [WARNING] Context: UpdateChildActorIdsForGDE exceeded max depth: 8 {"parentGde":"7435327951621470599","childGde":"4780149843920550495"}
<2026-04-17 06:19:25.823>: [Info]: [WARNING] Context: UpdateChildActorIdsForGDE exceeded max depth: 8 {"parentGde":"7435327951621470599","childGde":"10078296057101686599"}
<2026-04-17 06:19:25.823>: [Info]: [WARNING] Context: UpdateChildActorIdsForGDE exceeded max depth: 8 {"parentGde":"7435327951621470599","childGde":"18059456129850761063"}
<2026-04-17 06:19:25.823>: [Info]: [WARNING] Context: UpdateChildActorIdsForGDE exceeded max depth: 8 {"parentGde":"7435327951621470599","childGde":"10525685930116440631"}
<2026-04-17 06:19:25.823>: [Info]: [WARNING] Context: UpdateChildActorIdsForGDE exceeded max depth: 8 {"parentGde":"7435327951621470599","childGde":"4595032492509820279"}
<2026-04-17 06:19:25.823>: [Info]: [WARNING] Context: UpdateChildActorIdsForGDE exceeded max depth: 8 {"parentGde":"7435327951621470599","childGde":"438108299590791215"}
<2026-04-17 06:19:25.823>: [Info]: [WARNING] Context: UpdateChildActorIdsForGDE exceeded max depth: 8 {"parentGde":"7435327951621470599","childGde":"4363622078773828207"}
<2026-04-17 06:19:25.823>: [Info]: [WARNING] Context: UpdateChildActorIdsForGDE exceeded max depth: 8 {"parentGde":"7435327951621470599","childGde":"9431548767101613607"}
<2026-04-17 06:19:25.823>: [Info]: [WARNING] Context: UpdateChildActorIdsForGDE exceeded max depth: 8 {"parentGde":"7435327951621470599","childGde":"17237499620692159303"}
<2026-04-17 06:19:25.823>: [Info]: [WARNING] Context: UpdateChildActorIdsForGDE exceeded max depth: 8 {"parentGde":"7435327951621470599","childGde":"1720049394140879895"}
<2026-04-17 06:19:25.823>: [Info]: [WARNING] Context: UpdateChildActorIdsForGDE exceeded max depth: 8 {"parentGde":"7435327951621470599","childGde":"2463775503607386863"}
<2026-04-17 06:19:25.823>: [Info]: [WARNING] Context: UpdateChildActorIdsForGDE exceeded max depth: 8 {"parentGde":"7435327951621470599","childGde":"18062853238747167383"}
<2026-04-17 06:19:25.823>: [Info]: [WARNING] Context: UpdateChildActorIdsForGDE exceeded max depth: 8 {"parentGde":"7435327951621470599","childGde":"11262999994482853943"}
<2026-04-17 06:19:25.823>: [Info]: [WARNING] Context: UpdateChildActorIdsForGDE exceeded max depth: 8 {"parentGde":"7435327951621470599","childGde":"2028310104302512447"}
<2026-04-17 06:19:25.823>: [Info]: [WARNING] Context: UpdateChildActorIdsForGDE exceeded max depth: 8 {"parentGde":"7435327951621470599","childGde":"10046634248448687383"}
<2026-04-17 06:19:25.823>: [Info]: [WARNING] Context: UpdateChildActorIdsForGDE exceeded max depth: 8 {"parentGde":"9423057934916594691","childGde":"9996698168691978159"}
<2026-04-17 06:19:25.823>: [Info]: [WARNING] Context: UpdateChildActorIdsForGDE exceeded max depth: 8 {"parentGde":"9423057934916594691","childGde":"1930258981771513495"}
<2026-04-17 06:19:25.823>: [Info]: [WARNING] Context: UpdateChildActorIdsForGDE exceeded max depth: 8 {"parentGde":"9423057934916594691","childGde":"2773705181839572239"}
<2026-04-17 06:19:25.823>: [Info]: [WARNING] Context: UpdateChildActorIdsForGDE exceeded max depth: 8 {"parentGde":"9423057934916594691","childGde":"17080224364389514383"}
<2026-04-17 06:19:25.844>: [Info]: [WARNING] Context: UpdateChildActorIdsForGDE exceeded max depth: 8 {"parentGde":"2343831580475407303","childGde":"3575176565745802415"}
<2026-04-17 06:19:25.844>: [Info]: [WARNING] Context: UpdateChildActorIdsForGDE exceeded max depth: 8 {"parentGde":"2343831580475407303","childGde":"995175649308164319"}
<2026-04-17 06:19:25.844>: [Info]: [WARNING] Context: UpdateChildActorIdsForGDE exceeded max depth: 8 {"parentGde":"2343831580475407303","childGde":"16782255480707788407"}
<2026-04-17 06:19:25.844>: [Info]: [WARNING] Context: UpdateChildActorIdsForGDE exceeded max depth: 8 {"parentGde":"2343831580475407303","childGde":"16673080149804865815"}
<2026-04-17 06:19:25.844>: [Info]: [WARNING] Context: UpdateChildActorIdsForGDE exceeded max depth: 8 {"parentGde":"2343831580475407303","childGde":"6086013066615716135"}
<2026-04-17 06:19:25.844>: [Info]: [WARNING] Context: UpdateChildActorIdsForGDE exceeded max depth: 8 {"parentGde":"2343831580475407303","childGde":"10068512637093247383"}
<2026-04-17 06:19:25.844>: [Info]: [WARNING] Context: UpdateChildActorIdsForGDE exceeded max depth: 8 {"parentGde":"2343831580475407303","childGde":"9871541933774860631"}
<2026-04-17 06:19:25.844>: [Info]: [WARNING] Context: UpdateChildActorIdsForGDE exceeded max depth: 8 {"parentGde":"2343831580475407303","childGde":"145998787428624215"}
<2026-04-17 06:19:25.844>: [Info]: [WARNING] Context: UpdateChildActorIdsForGDE exceeded max depth: 8 {"parentGde":"2343831580475407303","childGde":"7317967307447190199"}
<2026-04-17 06:19:25.844>: [Info]: [WARNING] Context: UpdateChildActorIdsForGDE exceeded max depth: 8 {"parentGde":"2343831580475407303","childGde":"12427342769637587703"}
<2026-04-17 06:19:25.844>: [Info]: [WARNING] Context: UpdateChildActorIdsForGDE exceeded max depth: 8 {"parentGde":"2343831580475407303","childGde":"9080342978215459095"}
<2026-04-17 06:19:25.844>: [Info]: [WARNING] Context: UpdateChildActorIdsForGDE exceeded max depth: 8 {"parentGde":"2343831580475407303","childGde":"15503540766258455983"}
<2026-04-17 06:19:25.844>: [Info]: [WARNING] Context: UpdateChildActorIdsForGDE exceeded max depth: 8 {"parentGde":"2343831580475407303","childGde":"17839345286775573591"}
<2026-04-17 06:19:25.844>: [Info]: [WARNING] Context: UpdateChildActorIdsForGDE exceeded max depth: 8 {"parentGde":"2343831580475407303","childGde":"12843336035738354143"}
<2026-04-17 06:19:25.844>: [Info]: [WARNING] Context: UpdateChildActorIdsForGDE exceeded max depth: 8 {"parentGde":"2343831580475407303","childGde":"6476281540456387559"}
<2026-04-17 06:19:25.844>: [Info]: [WARNING] Context: UpdateChildActorIdsForGDE exceeded max depth: 8 {"parentGde":"2343831580475407303","childGde":"8846108808007023199"}
<2026-04-17 06:19:25.844>: [Info]: [WARNING] Context: UpdateChildActorIdsForGDE exceeded max depth: 8 {"parentGde":"2343831580475407303","childGde":"16480003874221422847"}
<2026-04-17 06:19:25.844>: [Info]: [WARNING] Context: UpdateChildActorIdsForGDE exceeded max depth: 8 {"parentGde":"2343831580475407303","childGde":"2506644605478911959"}
<2026-04-17 06:19:25.844>: [Info]: [WARNING] Context: UpdateChildActorIdsForGDE exceeded max depth: 8 {"parentGde":"2343831580475407303","childGde":"1348715670054086655"}
<2026-04-17 06:19:25.844>: [Info]: [WARNING] Context: UpdateChildActorIdsForGDE exceeded max depth: 8 {"parentGde":"2343831580475407303","childGde":"5287808664090860239"}
<2026-04-17 06:19:25.844>: [Info]: [WARNING] Context: UpdateChildActorIdsForGDE exceeded max depth: 8 {"parentGde":"2343831580475407303","childGde":"380960235160955047"}
<2026-04-17 06:19:25.844>: [Info]: [WARNING] Context: UpdateChildActorIdsForGDE exceeded max depth: 8 {"parentGde":"2343831580475407303","childGde":"1932419455843276327"}
<2026-04-17 06:19:25.844>: [Info]: [WARNING] Context: UpdateChildActorIdsForGDE exceeded max depth: 8 {"parentGde":"2343831580475407303","childGde":"8837811484921552775"}
<2026-04-17 06:19:25.844>: [Info]: [WARNING] Context: UpdateChildActorIdsForGDE exceeded max depth: 8 {"parentGde":"2343831580475407303","childGde":"3238789684479381655"}
<2026-04-17 06:19:25.844>: [Info]: [WARNING] Context: UpdateChildActorIdsForGDE exceeded max depth: 8 {"parentGde":"2343831580475407303","childGde":"4218078623109713623"}
<2026-04-17 06:19:25.844>: [Info]: [WARNING] Context: UpdateChildActorIdsForGDE exceeded max depth: 8 {"parentGde":"2343831580475407303","childGde":"6354883709843846095"}
<2026-04-17 06:19:25.844>: [Info]: [WARNING] Context: UpdateChildActorIdsForGDE exceeded max depth: 8 {"parentGde":"2343831580475407303","childGde":"6359386209326246095"}
<2026-04-17 06:19:25.844>: [Info]: [WARNING] Context: UpdateChildActorIdsForGDE exceeded max depth: 8 {"parentGde":"2343831580475407303","childGde":"3064217067225070215"}
<2026-04-17 06:19:25.844>: [Info]: [WARNING] Context: UpdateChildActorIdsForGDE exceeded max depth: 8 {"parentGde":"2343831580475407303","childGde":"11547289878615470823"}
<2026-04-17 06:19:25.844>: [Info]: [WARNING] Context: UpdateChildActorIdsForGDE exceeded max depth: 8 {"parentGde":"2343831580475407303","childGde":"15156504635459382343"}
<2026-04-17 06:19:25.844>: [Info]: [WARNING] Context: UpdateChildActorIdsForGDE exceeded max depth: 8 {"parentGde":"2343831580475407303","childGde":"4946149614447400743"}
<2026-04-17 06:19:25.844>: [Info]: [WARNING] Context: UpdateChildActorIdsForGDE exceeded max depth: 8 {"parentGde":"2343831580475407303","childGde":"8230744979641409871"}
<2026-04-17 06:19:25.844>: [Info]: [WARNING] Context: UpdateChildActorIdsForGDE exceeded max depth: 8 {"parentGde":"2343831580475407303","childGde":"12223869726956483855"}
<2026-04-17 06:19:25.844>: [Info]: [WARNING] Context: UpdateChildActorIdsForGDE exceeded max depth: 8 {"parentGde":"2343831580475407303","childGde":"225756077896902503"}
<2026-04-17 06:19:25.844>: [Info]: [WARNING] Context: UpdateChildActorIdsForGDE exceeded max depth: 8 {"parentGde":"2343831580475407303","childGde":"15389509706670888463"}
<2026-04-17 06:19:25.844>: [Info]: [WARNING] Context: UpdateChildActorIdsForGDE exceeded max depth: 8 {"parentGde":"2343831580475407303","childGde":"1535181878650191991"}
<2026-04-17 06:19:25.844>: [Info]: [WARNING] Context: UpdateChildActorIdsForGDE exceeded max depth: 8 {"parentGde":"2343831580475407303","childGde":"6160361727095474767"}
<2026-04-17 06:19:25.844>: [Info]: [WARNING] Context: UpdateChildActorIdsForGDE exceeded max depth: 8 {"parentGde":"2343831580475407303","childGde":"11548590119886600271"}
<2026-04-17 06:19:25.939>: [Info]: [WARNING] Context: UpdateChildActorIdsForGDE exceeded max depth: 8 {"parentGde":"6108920033412999719","childGde":"10151430839645811175"}
<2026-04-17 06:19:25.939>: [Info]: [WARNING] Context: UpdateChildActorIdsForGDE exceeded max depth: 8 {"parentGde":"6108920033412999719","childGde":"14256470696124789215"}
<2026-04-17 06:19:25.939>: [Info]: [WARNING] Context: UpdateChildActorIdsForGDE exceeded max depth: 8 {"parentGde":"6108920033412999719","childGde":"14334133756804284047"}
<2026-04-17 06:19:25.939>: [Info]: [WARNING] Context: UpdateChildActorIdsForGDE exceeded max depth: 8 {"parentGde":"6108920033412999719","childGde":"4909249669626377295"}
<2026-04-17 06:19:25.939>: [Info]: [WARNING] Context: UpdateChildActorIdsForGDE exceeded max depth: 8 {"parentGde":"6108920033412999719","childGde":"11336333767980013335"}
<2026-04-17 06:19:25.939>: [Info]: [WARNING] Context: UpdateChildActorIdsForGDE exceeded max depth: 8 {"parentGde":"6108920033412999719","childGde":"9916979052266192135"}
<2026-04-17 06:19:25.939>: [Info]: [WARNING] Context: UpdateChildActorIdsForGDE exceeded max depth: 8 {"parentGde":"6108920033412999719","childGde":"9601748076604264767"}
<2026-04-17 06:19:25.939>: [Info]: [WARNING] Context: UpdateChildActorIdsForGDE exceeded max depth: 8 {"parentGde":"6108920033412999719","childGde":"2006662117541328015"}
<2026-04-17 06:19:25.939>: [Info]: [WARNING] Context: UpdateChildActorIdsForGDE exceeded max depth: 8 {"parentGde":"6108920033412999719","childGde":"14695722684531810951"}
<2026-04-17 06:19:25.939>: [Info]: [WARNING] Context: UpdateChildActorIdsForGDE exceeded max depth: 8 {"parentGde":"6108920033412999719","childGde":"16492168768847783887"}
<2026-04-17 06:19:25.939>: [Info]: [WARNING] Context: UpdateChildActorIdsForGDE exceeded max depth: 8 {"parentGde":"6108920033412999719","childGde":"12213332646361658191"}
<2026-04-17 06:19:25.939>: [Info]: [WARNING] Context: UpdateChildActorIdsForGDE exceeded max depth: 8 {"parentGde":"6108920033412999719","childGde":"10151439635768193935"}
<2026-04-17 06:19:25.939>: [Info]: [WARNING] Context: UpdateChildActorIdsForGDE exceeded max depth: 8 {"parentGde":"6108920033412999719","childGde":"17716062807328592951"}
<2026-04-17 06:19:25.939>: [Info]: [WARNING] Context: UpdateChildActorIdsForGDE exceeded max depth: 8 {"parentGde":"6108920033412999719","childGde":"18405231174888273207"}
<2026-04-17 06:19:25.939>: [Info]: [WARNING] Context: UpdateChildActorIdsForGDE exceeded max depth: 8 {"parentGde":"6108920033412999719","childGde":"4909240873495605735"}
<2026-04-17 06:19:25.939>: [Info]: [WARNING] Context: UpdateChildActorIdsForGDE exceeded max depth: 8 {"parentGde":"6108920033412999719","childGde":"10151439635787068567"}
<2026-04-17 06:19:25.939>: [Info]: [WARNING] Context: UpdateChildActorIdsForGDE exceeded max depth: 8 {"parentGde":"6108920033412999719","childGde":"5061416708523130191"}
<2026-04-17 06:19:25.939>: [Info]: [WARNING] Context: UpdateChildActorIdsForGDE exceeded max depth: 8 {"parentGde":"6108920033412999719","childGde":"4909240873533355063"}
<2026-04-17 06:19:25.939>: [Info]: [WARNING] Context: UpdateChildActorIdsForGDE exceeded max depth: 8 {"parentGde":"6108920033412999719","childGde":"10419736303373755199"}
<2026-04-17 06:19:25.939>: [Info]: [WARNING] Context: UpdateChildActorIdsForGDE exceeded max depth: 8 {"parentGde":"6108920033412999719","childGde":"1981892319636927079"}
<2026-04-17 06:19:25.939>: [Info]: [WARNING] Context: UpdateChildActorIdsForGDE exceeded max depth: 8 {"parentGde":"6108920033412999719","childGde":"15480733689551774255"}
<2026-04-17 06:19:25.939>: [Info]: [WARNING] Context: UpdateChildActorIdsForGDE exceeded max depth: 8 {"parentGde":"6108920033412999719","childGde":"17685533397441277375"}
<2026-04-17 06:19:25.939>: [Info]: [WARNING] Context: UpdateChildActorIdsForGDE exceeded max depth: 8 {"parentGde":"6108920033412999719","childGde":"5730088985937258743"}
<2026-04-17 06:19:25.939>: [Info]: [WARNING] Context: UpdateChildActorIdsForGDE exceeded max depth: 8 {"parentGde":"6108920033412999719","childGde":"6383598656406145767"}
<2026-04-17 06:19:25.939>: [Info]: [WARNING] Context: UpdateChildActorIdsForGDE exceeded max depth: 8 {"parentGde":"6108920033412999719","childGde":"2278713006410297743"}
<2026-04-17 06:19:25.939>: [Info]: [WARNING] Context: UpdateChildActorIdsForGDE exceeded max depth: 8 {"parentGde":"6108920033412999719","childGde":"11318081122492139199"}
<2026-04-17 06:19:25.939>: [Info]: [WARNING] Context: UpdateChildActorIdsForGDE exceeded max depth: 8 {"parentGde":"6108920033412999719","childGde":"9009740863183394375"}
<2026-04-17 06:19:25.939>: [Info]: [WARNING] Context: UpdateChildActorIdsForGDE exceeded max depth: 8 {"parentGde":"6108920033412999719","childGde":"7612795006231243159"}
<2026-04-17 06:19:25.939>: [Info]: [WARNING] Context: UpdateChildActorIdsForGDE exceeded max depth: 8 {"parentGde":"6108920033412999719","childGde":"1995403118474998111"}
<2026-04-17 06:19:25.939>: [Info]: [WARNING] Context: UpdateChildActorIdsForGDE exceeded max depth: 8 {"parentGde":"6108920033412999719","childGde":"10151430839691949215"}
<2026-04-17 06:19:25.939>: [Info]: [WARNING] Context: UpdateChildActorIdsForGDE exceeded max depth: 8 {"parentGde":"6108920033412999719","childGde":"14231692102150435399"}
<2026-04-17 06:19:25.940>: [Info]: [WARNING] Context: UpdateChildActorIdsForGDE exceeded max depth: 8 {"parentGde":"3641491151144765335","childGde":"14236193503671006287"}
<2026-04-17 06:19:25.940>: [Info]: [WARNING] Context: UpdateChildActorIdsForGDE exceeded max depth: 8 {"parentGde":"3641491151144765335","childGde":"16857329018379357247"}
<2026-04-17 06:19:25.940>: [Info]: [WARNING] Context: UpdateChildActorIdsForGDE exceeded max depth: 8 {"parentGde":"3641491151144765335","childGde":"14247452502619895207"}
<2026-04-17 06:19:25.940>: [Info]: [WARNING] Context: UpdateChildActorIdsForGDE exceeded max depth: 8 {"parentGde":"3641491151144765335","childGde":"2008911169404319399"}
<2026-04-17 06:19:25.940>: [Info]: [WARNING] Context: UpdateChildActorIdsForGDE exceeded max depth: 8 {"parentGde":"3641491151144765335","childGde":"1993157916551066223"}
<2026-04-17 06:19:25.940>: [Info]: [WARNING] Context: UpdateChildActorIdsForGDE exceeded max depth: 8 {"parentGde":"3641491151144765335","childGde":"17461182486208761647"}
<2026-04-17 06:19:25.940>: [Info]: [WARNING] Context: UpdateChildActorIdsForGDE exceeded max depth: 8 {"parentGde":"3641491151144765335","childGde":"15749505443296358991"}
<2026-04-17 06:19:25.940>: [Info]: [WARNING] Context: UpdateChildActorIdsForGDE exceeded max depth: 8 {"parentGde":"3641491151144765335","childGde":"7136038023611016495"}
<2026-04-17 06:19:28.300>: [Info] (AZCore): [CMS] Loading CMS File: H:/SteamLibrary/steamapps/common/New World/Assets/worlds.override.json
<2026-04-17 06:19:28.300>: [Info] (AZCore): [CMS] Loading CMS HTTP Request URL: https://d1hkbwzm1bktgo.cloudfront.net/motd/worlds_STEAM_APP_ID.1063730.json
<2026-04-17 06:19:28.370>: [Info] (AZCore): [CMS] Loading CMS File: H:/SteamLibrary/steamapps/common/New World/Assets/worlds.override.json
<2026-04-17 06:19:28.371>: [Info] (AZCore): [CMS] Loading CMS HTTP Request URL: https://d1hkbwzm1bktgo.cloudfront.net/motd/worlds_STEAM_APP_ID.1063730.json
<2026-04-17 06:19:47.079>: [Info] (AZCore): [CMS] Loading CMS File: H:/SteamLibrary/steamapps/common/New World/Assets/news_stories.json
<2026-04-17 06:19:47.079>: [Info] (AZCore): [CMS] Loading CMS HTTP Request URL: https://d1hkbwzm1bktgo.cloudfront.net/newsstories/STEAM_APP_ID.1063730/metadata.json
<2026-04-17 06:19:48.734>: [Info] (AZCore): [Debug] Calling IAuthManager::GetInstance()->EndSession()
<2026-04-17 06:19:48.739>: [Info] (AZCore): [SteamAuth] Omni EndSession called successfully
<2026-04-17 06:19:48.739>: [Info] (AZCore): [Debug] In callback function for IAuthManager::GetInstance()->EndSession()
<2026-04-17 06:19:48.739>: [Info] (AZCore): [Game] CGame::ActorContainerDisconnect
<2026-04-17 06:19:48.739>: [Info] (AZCore): [GameConnection] GameConnectionWrapper::Disconnect
<2026-04-17 06:19:48.739>: [Info] (AZCore): [Game] CGame::OnDisconnection: Disconnected from REP
<2026-04-17 06:19:48.750>: [Info] (AZCore): [GameConnection] GameConnectionWrapper: disconnected from REP
<2026-04-17 06:19:49.855>: [Info] (AZCore): [GameConnection] Update state InGame to new state Disconnected
<2026-04-17 06:19:49.855>: [Info] (AZCore): [Debug] Calling gEnv->pConsole->ExecuteString("quit")
<2026-04-17 06:19:49.855>: [Info]: CSystem::Quit invoked from thread 30044 (main is 30044)
<2026-04-17 06:19:49.855>: [Info]: [Vivox] VoiceChatSystemComponent: invalid input device id {0.0.1.00000000}.{138487fa-7a06-456b-a42c-48dadfaf742f}
<2026-04-17 06:19:49.855>: [Info]: [Vivox] VoiceChatSystemComponent: invalid output device id {0.0.0.00000000}.{99d501b3-0e8c-42d4-8bbd-9c4b297e3481}
<2026-04-17 06:19:49.855>: [Info]: SerializeOptions: Saving to @savedata@/temp_usersettings_37ccbd7ffd92a332.javsave
<2026-04-17 06:19:49.857>: [Info]: SerializeOptions: Success
<2026-04-17 06:19:49.857>: [Info]: SerializeOptions: Moving to @savedata@/usersettings_37ccbd7ffd92a332.javsave
<2026-04-17 06:19:49.858>: [Info] (AZCore): [Game] CGame::ActorContainerDisconnect
